---
source: src/generation.rs
expression: ir
---
segments:
  1:
    - Declare:
        - - $lit
          - 0
        - Literal: 1
    - Declare:
        - - a
          - 0
        - AnotherValue:
            - $lit
            - 0
    - Declare:
        - - $lit
          - 1
        - Literal: 1
    - Declare:
        - - $add
          - 0
        - Add:
            - - a
              - 0
            - - $lit
              - 1
    - Declare:
        - - a
          - 1
        - AnotherValue:
            - $add
            - 0
    - Declare:
        - - b
          - 0
        - AnotherValue:
            - a
            - 1
    - Declare:
        - - $lit
          - 2
        - Literal: 1
    - Declare:
        - - $add
          - 1
        - Add:
            - - b
              - 0
            - - $lit
              - 2
    - Declare:
        - - b
          - 1
        - AnotherValue:
            - $add
            - 1
    - Return:
        - b
        - 1
root_segment_id: 1
